// Jest Snapshot v1, https://goo.gl/fbAQLP

exports[`<Counter /> snapshots should match snapshot 1`] = `
<section
  aria-label="selecione a quantidade de itens"
  class="styles__Container-sc-6vyuvp-0 klSogO"
>
  <button
    aria-label="menos"
    class="styles__CounterButton-sc-6vyuvp-1 hNfiSo"
  >
    <icon-mock />
  </button>
  <span
    data-testid="counter"
  >
    0
  </span>
  <button
    aria-label="mais"
    class="styles__CounterButton-sc-6vyuvp-1 hNfiSo"
  >
    <icon-mock />
  </button>
</section>
`;
