// Jest Snapshot v1, https://goo.gl/fbAQLP

exports[`<Header /> snapshots should match snapshot 1`] = `
<header
  class="styles__Container-sc-3vm2y0-0 jxpYIj"
>
  <a
    aria-label="Home"
    class="styles__Logo-sc-3vm2y0-1 hjqGOP"
    href="#"
  >
    <icon-mock
      data-testid="logo-svg"
    />
  </a>
  <nav
    class="styles__Container-sc-ljilrx-0 bkkmpr"
  >
    <ul
      class="styles__NavLinks-sc-ljilrx-1 ehtfwm false false"
      data-testid="nav-list"
    >
      <li
        class="styles__StyledItem-sc-ljilrx-2 gRnFfe"
      >
        <a
          href="#"
        >
          Collections
        </a>
      </li>
      <li
        class="styles__StyledItem-sc-ljilrx-2 gRnFfe"
      >
        <a
          href="#"
        >
          Men
        </a>
      </li>
      <li
        class="styles__StyledItem-sc-ljilrx-2 gRnFfe"
      >
        <a
          href="#"
        >
          Women
        </a>
      </li>
      <li
        class="styles__StyledItem-sc-ljilrx-2 gRnFfe"
      >
        <a
          href="#"
        >
          About
        </a>
      </li>
      <li
        class="styles__StyledItem-sc-ljilrx-2 gRnFfe"
      >
        <a
          href="#"
        >
          Contact
        </a>
      </li>
    </ul>
  </nav>
  <section
    aria-label="carrinho de compras"
  >
    <button
      aria-expanded="false"
      class="styles__Cart-sc-33q7z1-0 cfnkFh"
    >
      <icon-mock
        data-testid="cart-svg"
      />
    </button>
  </section>
  <img
    alt="imagem de perfil"
    class="styles__ProfileImage-sc-3vm2y0-2 eNboXn"
    height="100px"
    src=""
    width="100px"
  />
</header>
`;
