// Jest Snapshot v1, https://goo.gl/fbAQLP

exports[`<CartItem /> snapshots should match snapshot 1`] = `
<div
  class="styles__Item-sc-1eal0cm-0 bCjpZ"
>
  <img
    alt="product 1"
    class="styles__Photo-sc-1eal0cm-1 cZzmFX"
    height="176px"
    src="thumbnail-1.jpg"
    width="176px"
  />
  <h2
    class="styles__Title-sc-1eal0cm-2 dOavNX"
  >
    title mock
  </h2>
  <div
    class="styles__PriceContainer-sc-1eal0cm-3 dGMGIu"
  >
    <span>
      $125.00 x 2
    </span>
    <span
      class="styles__TotalPrice-sc-1eal0cm-4 hJISjn"
      data-testid="total-price"
    >
      $
      250.00
    </span>
  </div>
  <button
    aria-label="deletar item"
    class="styles__DeleteButton-sc-1eal0cm-5 fCBTaV"
  >
    <icon-mock
      data-testid="trash-svg"
    />
  </button>
</div>
`;
