// Jest Snapshot v1, https://goo.gl/fbAQLP

exports[`<CartModal /> snapshots should match snapshot 1`] = `
<section
  aria-label="modal carrinho de compras"
  class="styles__Modal-sc-1muh66y-0 joXRfi"
>
  <div
    class="styles__Title-sc-1muh66y-1 mEFUd"
  >
    <h2>
      Cart
    </h2>
  </div>
  <div
    class="styles__Content-sc-1muh66y-2 bUNORX"
  >
    <ul
      class="styles__Items-sc-1muh66y-3 jSlPFn"
    >
      <li>
        <div
          class="styles__Item-sc-1eal0cm-0 bCjpZ"
        >
          <img
            alt="product 1"
            class="styles__Photo-sc-1eal0cm-1 cZzmFX"
            height="176px"
            src="thumbnail-1.jpg"
            width="176px"
          />
          <h2
            class="styles__Title-sc-1eal0cm-2 dOavNX"
          >
            title mock
          </h2>
          <div
            class="styles__PriceContainer-sc-1eal0cm-3 dGMGIu"
          >
            <span>
              $125.00 x 1
            </span>
            <span
              class="styles__TotalPrice-sc-1eal0cm-4 hJISjn"
              data-testid="total-price"
            >
              $
              125.00
            </span>
          </div>
          <button
            aria-label="deletar item"
            class="styles__DeleteButton-sc-1eal0cm-5 fCBTaV"
          >
            <icon-mock
              data-testid="trash-svg"
            />
          </button>
        </div>
      </li>
      <li>
        <div
          class="styles__Item-sc-1eal0cm-0 bCjpZ"
        >
          <img
            alt="product 1"
            class="styles__Photo-sc-1eal0cm-1 cZzmFX"
            height="176px"
            src="thumbnail-1.jpg"
            width="176px"
          />
          <h2
            class="styles__Title-sc-1eal0cm-2 dOavNX"
          >
            title mock
          </h2>
          <div
            class="styles__PriceContainer-sc-1eal0cm-3 dGMGIu"
          >
            <span>
              $125.00 x 1
            </span>
            <span
              class="styles__TotalPrice-sc-1eal0cm-4 hJISjn"
              data-testid="total-price"
            >
              $
              125.00
            </span>
          </div>
          <button
            aria-label="deletar item"
            class="styles__DeleteButton-sc-1eal0cm-5 fCBTaV"
          >
            <icon-mock
              data-testid="trash-svg"
            />
          </button>
        </div>
      </li>
    </ul>
    <button
      aria-label="finalizar compra"
      class="styles__StyledButton-sc-1csa66j-0 hmYbLP"
    >
      Checkout
    </button>
  </div>
</section>
`;

exports[`<CartModal /> snapshots should match snapshot when cart is empty 1`] = `
<section
  aria-label="modal carrinho de compras"
  class="styles__Modal-sc-1muh66y-0 joXRfi"
>
  <div
    class="styles__Title-sc-1muh66y-1 mEFUd"
  >
    <h2>
      Cart
    </h2>
  </div>
  <div
    class="styles__Content-sc-1muh66y-2 bUNORX"
  >
    <p>
      Your cart is empty.
    </p>
  </div>
</section>
`;
